C51 COMPILER V9.60.7.0   LES_ALT                                                           09/27/2025 10:17:23 PAGE 1   


C51 COMPILER V9.60.7.0, COMPILATION OF MODULE LES_ALT
OBJECT MODULE PLACED IN .\Objects\les alt.obj
COMPILER INVOKED BY: C:\Keil_v5\C51\BIN\C51.EXE les alt.c OPTIMIZE(8,SPEED) BROWSE DEBUG OBJECTEXTEND PRINT(.\Listings\l
                    -es alt.lst) TABS(2) OBJECT(.\Objects\les alt.obj)

line level    source

   1          #include<reg51.h>
   2          
   3          void delay(unsigned int count){
   4   1      unsigned int i,j;
   5   1      for(i=0;i<=count;i++){
   6   2      for(j=0;j<1275;j++){}
   7   2      }
   8   1      }
   9          void main(){
  10   1        while(1){
  11   2          P3 = 0xAA;  //1010 1010(AA)  to 0101 0101(55)
  12   2          delay(1000);
  13   2          P3 = 0x55;
  14   2          delay(1000);
  15   2        }
  16   1          }


MODULE INFORMATION:   STATIC OVERLAYABLE
   CODE SIZE        =     50    ----
   CONSTANT SIZE    =   ----    ----
   XDATA SIZE       =   ----    ----
   PDATA SIZE       =   ----    ----
   DATA SIZE        =   ----    ----
   IDATA SIZE       =   ----    ----
   BIT SIZE         =   ----    ----
END OF MODULE INFORMATION.


C51 COMPILATION COMPLETE.  0 WARNING(S),  0 ERROR(S)
