C51 COMPILER V9.60.7.0   TEMP_SENSOR_WITH_FAN                                              10/03/2025 11:24:47 PAGE 1   


C51 COMPILER V9.60.7.0, COMPILATION OF MODULE TEMP_SENSOR_WITH_FAN
OBJECT MODULE PLACED IN .\Objects\temp sensor with fan.obj
COMPILER INVOKED BY: C:\Keil_v5\C51\BIN\C51.EXE temp sensor with fan.c OPTIMIZE(8,SPEED) BROWSE DEBUG OBJECTEXTEND PRINT
                    -(.\Listings\temp sensor with fan.lst) TABS(2) OBJECT(.\Objects\temp sensor with fan.obj)

line level    source

   1          #include<reg51.h>
   2          #include<stdio.h>
   3          
   4          sbit X=P1^0;
   5          sbit Y=P1^1;
   6          sbit Z=P1^2;
   7          sbit SOC=P1^3;
   8          sbit ALE=P1^4;
   9          sbit OE=P1^5;
  10          sbit EOC=P1^6;
  11          sbit rs=P3^0;
  12          sbit en=P3^1;
  13          sbit fan=P3^2;
  14          /*cannot connect a 12V fan directly to 8051 pin. The pin can only source/sink a few mA.
  15          P3.2 -> Resistor -> Base of NPN transistor  
  16          Emitter -> GND  
  17          Collector -> One end of relay/fan  
  18          Other end -> Vcc (12V for fan)  
  19          */
  20          
  21          /*P0 -> ADC0808 data output (D0–D7) 
  22          P1 -> ADC control/address (X, Y, Z, SOC, ALE, OE, EOC) 
  23          P2 -> LCD data 
  24          P3 -> LCD control (RS, EN) */
  25          
  26          unsigned char adc_data;
  27          char buffer[10];
  28          
  29          void delay(unsigned int ms) {
  30   1          unsigned int i, j;
  31   1          for(i=0; i<ms; i++)
  32   1              for(j=0; j<1275; j++);
  33   1      }
  34          
  35          void lcd_data(unsigned char xyz){
  36   1        rs=1;
  37   1        P2=xyz;
  38   1        en=1;
  39   1        delay(5);
  40   1        en=0;
  41   1      }
  42          
  43          void lcd_cmd(unsigned char xyz){
  44   1        rs=0;
  45   1        P2=xyz;
  46   1        en=1;
  47   1        delay(5);
  48   1        en=0;
  49   1      }
  50          
  51          void lcd_init() {   
  52   1          lcd_cmd(0x38);  
  53   1          lcd_cmd(0x0C);  
  54   1          lcd_cmd(0x06);  
C51 COMPILER V9.60.7.0   TEMP_SENSOR_WITH_FAN                                              10/03/2025 11:24:47 PAGE 2   

  55   1          lcd_cmd(0x01);  
  56   1          delay(2);
  57   1      }
  58          
  59          void lcd_string(char *str){
  60   1          while(*str) lcd_data(*str++);
  61   1      }//Every time you call lcd_string,it loops through each character and calls lcd_data() for that character.
  62          //*str dereferences the pointer, giving the current character.
  63          //In C, a string ends with a null character '\0'.
  64          //So while(*str) means: "Keep looping until the current character is '\0'."
  65          
  66          unsigned char start(unsigned char channel){ 
  67   1        X = channel & 0x01;
  68   1        Y = (channel >> 1) & 0x01;
  69   1        Z = (channel >> 2) & 0x01;
  70   1      
  71   1        ALE=1;
  72   1        delay(1);
  73   1        ALE=0;
  74   1        SOC=1;
  75   1        delay(1); 
  76   1        SOC=0;
  77   1        
  78   1      while(EOC==1);
  79   1          OE=1;
  80   1          adc_data=P0;
  81   1          OE=0;
  82   1          return adc_data; 
  83   1      }
  84          
  85          void main(){
  86   1          lcd_init();
  87   1          lcd_cmd(0x80);  //set cursor at first row of LCD
  88   1          lcd_string("Temp:");   
  89   1        
  90   1          while(1){
  91   2              unsigned char _data = start(0);
  92   2      
  93   2              // Convert ADC value to tempeature Example: ADC=128 -> temp_scaled=251 -> 25.1°C.
  94   2              //T(°C)=ADC×500/255
  95   2              unsigned int temp = (_data * 500) / 255; //same project can be used for display voltage
  96   2              unsigned char int_part = temp / 10;  //Split TEMP into integer & decimal   
  97   2              unsigned char dec_part = temp % 10;     
  98   2              //ADC count 0–255 corresponds to 0–5V.
  99   2              //Since LM35 outputs 10 mV/°C, at 5V = 5000 mV -> 500 °C max.     
 100   2              sprintf(buffer, "%d.%d C", int_part, dec_part);
 101   2              lcd_cmd(0xC0);        
 102   2              lcd_string(buffer);
 103   2              
 104   2              if(int_part>=30){
 105   3                fan=1;
 106   3              }else if(int_part<28){
 107   3                fan=0;
 108   3              }
 109   2              
 110   2              delay(100);
 111   2        }
 112   1      }


MODULE INFORMATION:   STATIC OVERLAYABLE
   CODE SIZE        =    301    ----
C51 COMPILER V9.60.7.0   TEMP_SENSOR_WITH_FAN                                              10/03/2025 11:24:47 PAGE 3   

   CONSTANT SIZE    =     14    ----
   XDATA SIZE       =   ----    ----
   PDATA SIZE       =   ----    ----
   DATA SIZE        =     11       8
   IDATA SIZE       =   ----    ----
   BIT SIZE         =   ----    ----
END OF MODULE INFORMATION.


C51 COMPILATION COMPLETE.  0 WARNING(S),  0 ERROR(S)
